{"level":"info","message":"User signed in successfully: test1@gmail.com","service":"acquisitions-api","timestamp":"2026-08-27T17:11:05.978Z"}
{"level":"info","message":"User authenticated test1@gmail.com (admin)","service":"acquisitions-api","timestamp":"2026-08-27T17:11:05.991Z"}
{"level":"info","message":"User authenticated test1@gmail.com (admin)","service":"acquisitions-api","timestamp":"2026-08-27T17:11:16.546Z"}
{"level":"info","message":"User authenticated test1@gmail.com (admin)","service":"acquisitions-api","timestamp":"2026-08-27T17:11:16.550Z"}
{"level":"info","message":"User tbridywater2@wikimedia.org retrieved successfully","service":"acquisitions-api","timestamp":"2026-08-27T17:11:16.562Z"}
{"level":"info","message":"Profile tbridywater2@wikimedia.org retrieved successfully","service":"acquisitions-api","timestamp":"2026-08-27T17:11:16.654Z"}
{"level":"info","message":"User signed in successfully: test1@gmail.com","service":"acquisitions-api","timestamp":"2026-08-27T17:29:45.102Z"}
{"level":"info","message":"User authenticated test1@gmail.com (admin)","service":"acquisitions-api","timestamp":"2026-08-27T17:29:45.114Z"}
{"level":"info","message":"User authenticated test1@gmail.com (admin)","service":"acquisitions-api","timestamp":"2026-08-27T17:30:11.243Z"}
{"level":"info","message":"User authenticated test1@gmail.com (admin)","service":"acquisitions-api","timestamp":"2026-08-27T17:30:47.818Z"}
{"level":"info","message":"User authenticated test1@gmail.com (admin)","service":"acquisitions-api","timestamp":"2026-08-27T17:30:47.832Z"}
{"level":"info","message":"User atondeur3@posterous.com retrieved successfully","service":"acquisitions-api","timestamp":"2026-08-27T17:30:47.896Z"}
{"level":"info","message":"Profile atondeur3@posterous.com retrieved successfully","service":"acquisitions-api","timestamp":"2026-08-27T17:30:47.993Z"}
{"level":"info","message":"User authenticated test1@gmail.com (admin)","service":"acquisitions-api","timestamp":"2026-08-27T17:30:58.860Z"}
{"level":"info","message":"User authenticated test1@gmail.com (admin)","service":"acquisitions-api","timestamp":"2026-08-27T17:30:58.984Z"}
{"level":"info","message":"User authenticated test1@gmail.com (admin)","service":"acquisitions-api","timestamp":"2026-08-27T17:30:58.991Z"}
{"level":"info","message":"User atondeur3@posterous.com retrieved successfully","service":"acquisitions-api","timestamp":"2026-08-27T17:30:58.998Z"}
{"level":"info","message":"Profile atondeur3@posterous.com retrieved successfully","service":"acquisitions-api","timestamp":"2026-08-27T17:30:59.029Z"}
{"level":"info","message":"User signed out successfully","service":"acquisitions-api","timestamp":"2026-08-27T17:31:01.950Z"}
{"level":"info","message":"Profile atondeur3@posterous.com retrieved successfully","service":"acquisitions-api","timestamp":"2026-08-27T17:31:02.075Z"}
{"level":"info","message":"User signed in successfully: test1@gmail.com","service":"acquisitions-api","timestamp":"2026-08-27T17:31:11.285Z"}
{"level":"info","message":"User authenticated test1@gmail.com (admin)","service":"acquisitions-api","timestamp":"2026-08-27T17:31:11.294Z"}
{"level":"info","message":"User authenticated test1@gmail.com (admin)","service":"acquisitions-api","timestamp":"2026-08-27T17:31:19.193Z"}
{"level":"info","message":"User authenticated test1@gmail.com (admin)","service":"acquisitions-api","timestamp":"2026-08-27T17:31:19.200Z"}
{"level":"info","message":"User tbridywater2@wikimedia.org retrieved successfully","service":"acquisitions-api","timestamp":"2026-08-27T17:31:19.208Z"}
{"level":"info","message":"Profile tbridywater2@wikimedia.org retrieved successfully","service":"acquisitions-api","timestamp":"2026-08-27T17:31:19.214Z"}
{"level":"info","message":"User authenticated test1@gmail.com (admin)","service":"acquisitions-api","timestamp":"2026-08-27T17:31:35.546Z"}
{"level":"info","message":"User authenticated test1@gmail.com (admin)","service":"acquisitions-api","timestamp":"2026-08-27T17:31:35.666Z"}
{"level":"info","message":"User authenticated test1@gmail.com (admin)","service":"acquisitions-api","timestamp":"2026-08-27T17:31:35.671Z"}
{"level":"info","message":"User tbridywater2@wikimedia.org retrieved successfully","service":"acquisitions-api","timestamp":"2026-08-27T17:31:35.680Z"}
{"level":"info","message":"Profile tbridywater2@wikimedia.org retrieved successfully","service":"acquisitions-api","timestamp":"2026-08-27T17:31:35.689Z"}
{"level":"info","message":"User authenticated test1@gmail.com (admin)","service":"acquisitions-api","timestamp":"2026-08-27T17:31:59.248Z"}
{"level":"info","message":"User authenticated test1@gmail.com (admin)","service":"acquisitions-api","timestamp":"2026-08-27T17:31:59.406Z"}
{"level":"info","message":"User authenticated test1@gmail.com (admin)","service":"acquisitions-api","timestamp":"2026-08-27T17:31:59.411Z"}
{"level":"info","message":"User tbridywater2@wikimedia.org retrieved successfully","service":"acquisitions-api","timestamp":"2026-08-27T17:31:59.416Z"}
{"level":"info","message":"Profile tbridywater2@wikimedia.org retrieved successfully","service":"acquisitions-api","timestamp":"2026-08-27T17:31:59.424Z"}
{"level":"info","message":"User authenticated test1@gmail.com (admin)","service":"acquisitions-api","timestamp":"2026-08-27T17:32:15.214Z"}
{"level":"info","message":"User authenticated test1@gmail.com (admin)","service":"acquisitions-api","timestamp":"2026-08-27T17:32:15.346Z"}
{"level":"info","message":"User authenticated test1@gmail.com (admin)","service":"acquisitions-api","timestamp":"2026-08-27T17:32:15.350Z"}
{"level":"info","message":"User tbridywater2@wikimedia.org retrieved successfully","service":"acquisitions-api","timestamp":"2026-08-27T17:32:15.355Z"}
{"level":"info","message":"Profile tbridywater2@wikimedia.org retrieved successfully","service":"acquisitions-api","timestamp":"2026-08-27T17:32:15.364Z"}
{"level":"info","message":"User signed in successfully: test1@gmail.com","service":"acquisitions-api","timestamp":"2026-08-27T17:34:15.340Z"}
{"level":"info","message":"User authenticated test1@gmail.com (admin)","service":"acquisitions-api","timestamp":"2026-08-27T17:34:15.352Z"}
{"level":"info","message":"User authenticated test1@gmail.com (admin)","service":"acquisitions-api","timestamp":"2026-08-27T17:34:30.279Z"}
{"level":"info","message":"User authenticated test1@gmail.com (admin)","service":"acquisitions-api","timestamp":"2026-08-27T17:34:30.288Z"}
{"level":"info","message":"User atondeur3@posterous.com retrieved successfully","service":"acquisitions-api","timestamp":"2026-08-27T17:34:30.297Z"}
{"level":"info","message":"Profile atondeur3@posterous.com retrieved successfully","service":"acquisitions-api","timestamp":"2026-08-27T17:34:30.351Z"}
{"level":"info","message":"Profile test1@gmail.com retrieved successfully","service":"acquisitions-api","timestamp":"2026-08-27T17:35:36.415Z"}
{"level":"info","message":"User authenticated test1@gmail.com (admin)","service":"acquisitions-api","timestamp":"2026-08-27T17:35:49.060Z"}
{"level":"info","message":"User authenticated test1@gmail.com (admin)","service":"acquisitions-api","timestamp":"2026-08-27T17:35:49.068Z"}
{"level":"info","message":"User tbridywater2@wikimedia.org retrieved successfully","service":"acquisitions-api","timestamp":"2026-08-27T17:35:49.073Z"}
{"level":"info","message":"Profile tbridywater2@wikimedia.org retrieved successfully","service":"acquisitions-api","timestamp":"2026-08-27T17:35:49.081Z"}
{"level":"info","message":"User authenticated test1@gmail.com (admin)","service":"acquisitions-api","timestamp":"2026-08-27T17:36:40.531Z"}
{"level":"info","message":"User test1@gmail.com retrieved successfully","service":"acquisitions-api","timestamp":"2026-08-27T17:36:40.534Z"}
{"level":"info","message":"User authenticated test1@gmail.com (admin)","service":"acquisitions-api","timestamp":"2026-08-27T17:37:14.963Z"}
{"level":"info","message":"User authenticated test1@gmail.com (admin)","service":"acquisitions-api","timestamp":"2026-08-27T17:37:15.067Z"}
{"level":"info","message":"User authenticated test1@gmail.com (admin)","service":"acquisitions-api","timestamp":"2026-08-27T17:37:15.071Z"}
{"level":"info","message":"User atondeur3@posterous.com retrieved successfully","service":"acquisitions-api","timestamp":"2026-08-27T17:37:15.076Z"}
{"level":"info","message":"Profile atondeur3@posterous.com retrieved successfully","service":"acquisitions-api","timestamp":"2026-08-27T17:37:15.083Z"}
{"level":"info","message":"User authenticated test1@gmail.com (admin)","service":"acquisitions-api","timestamp":"2026-08-27T17:37:21.572Z"}
{"level":"info","message":"User test1@gmail.com retrieved successfully","service":"acquisitions-api","timestamp":"2026-08-27T17:37:21.575Z"}
{"level":"info","message":"Profile test1@gmail.com retrieved successfully","service":"acquisitions-api","timestamp":"2026-08-27T17:37:21.582Z"}
{"level":"info","message":"User authenticated test1@gmail.com (admin)","service":"acquisitions-api","timestamp":"2026-08-27T17:37:28.538Z"}
{"level":"info","message":"User authenticated test1@gmail.com (admin)","service":"acquisitions-api","timestamp":"2026-08-27T17:37:28.642Z"}
{"level":"info","message":"User test1@gmail.com retrieved successfully","service":"acquisitions-api","timestamp":"2026-08-27T17:37:28.644Z"}
{"level":"info","message":"Profile test1@gmail.com retrieved successfully","service":"acquisitions-api","timestamp":"2026-08-27T17:37:28.651Z"}
{"level":"info","message":"User authenticated test1@gmail.com (admin)","service":"acquisitions-api","timestamp":"2026-08-27T17:38:31.313Z"}
{"level":"info","message":"User authenticated test1@gmail.com (admin)","service":"acquisitions-api","timestamp":"2026-08-27T17:38:40.504Z"}
{"level":"info","message":"User authenticated test1@gmail.com (admin)","service":"acquisitions-api","timestamp":"2026-08-27T17:38:40.508Z"}
{"level":"info","message":"User tbridywater2@wikimedia.org retrieved successfully","service":"acquisitions-api","timestamp":"2026-08-27T17:38:40.515Z"}
{"level":"info","message":"Profile tbridywater2@wikimedia.org retrieved successfully","service":"acquisitions-api","timestamp":"2026-08-27T17:38:40.519Z"}
{"level":"info","message":"User authenticated test1@gmail.com (admin)","service":"acquisitions-api","timestamp":"2026-08-27T17:38:50.166Z"}
{"level":"info","message":"User sinston5@issuu.com retrieved successfully","service":"acquisitions-api","timestamp":"2026-08-27T17:38:50.170Z"}
{"level":"info","message":"Profile sinston5@issuu.com retrieved successfully","service":"acquisitions-api","timestamp":"2026-08-27T17:38:50.176Z"}
{"level":"info","message":"User authenticated test1@gmail.com (admin)","service":"acquisitions-api","timestamp":"2026-08-27T17:39:43.096Z"}
{"level":"info","message":"User atondeur3@posterous.com retrieved successfully","service":"acquisitions-api","timestamp":"2026-08-27T17:39:43.100Z"}
{"level":"info","message":"Profile atondeur3@posterous.com retrieved successfully","service":"acquisitions-api","timestamp":"2026-08-27T17:39:43.106Z"}
{"level":"info","message":"User authenticated test1@gmail.com (admin)","service":"acquisitions-api","timestamp":"2026-08-27T17:42:40.487Z"}
{"level":"info","message":"User authenticated test1@gmail.com (admin)","service":"acquisitions-api","timestamp":"2026-08-27T17:42:40.575Z"}
{"level":"info","message":"User authenticated test1@gmail.com (admin)","service":"acquisitions-api","timestamp":"2026-08-27T17:42:40.578Z"}
{"level":"info","message":"User atondeur3@posterous.com retrieved successfully","service":"acquisitions-api","timestamp":"2026-08-27T17:42:40.583Z"}
{"level":"info","message":"Profile atondeur3@posterous.com retrieved successfully","service":"acquisitions-api","timestamp":"2026-08-27T17:42:40.590Z"}
{"level":"info","message":"User signed out successfully","service":"acquisitions-api","timestamp":"2026-08-27T17:42:48.546Z"}
{"level":"info","message":"User signed in successfully: test1@gmail.com","service":"acquisitions-api","timestamp":"2026-08-27T17:42:51.861Z"}
{"level":"info","message":"User authenticated test1@gmail.com (admin)","service":"acquisitions-api","timestamp":"2026-08-27T17:42:51.868Z"}
{"level":"info","message":"User authenticated test1@gmail.com (admin)","service":"acquisitions-api","timestamp":"2026-08-27T17:42:58.913Z"}
{"level":"info","message":"User authenticated test1@gmail.com (admin)","service":"acquisitions-api","timestamp":"2026-08-27T17:43:03.071Z"}
{"level":"info","message":"User authenticated test1@gmail.com (admin)","service":"acquisitions-api","timestamp":"2026-08-27T17:43:03.077Z"}
{"level":"info","message":"User atondeur3@posterous.com retrieved successfully","service":"acquisitions-api","timestamp":"2026-08-27T17:43:03.082Z"}
{"level":"info","message":"Profile atondeur3@posterous.com retrieved successfully","service":"acquisitions-api","timestamp":"2026-08-27T17:43:03.087Z"}
{"level":"info","message":"User authenticated test1@gmail.com (admin)","service":"acquisitions-api","timestamp":"2026-08-27T17:43:13.377Z"}
{"level":"info","message":"User tbridywater2@wikimedia.org retrieved successfully","service":"acquisitions-api","timestamp":"2026-08-27T17:43:13.382Z"}
{"level":"info","message":"Profile tbridywater2@wikimedia.org retrieved successfully","service":"acquisitions-api","timestamp":"2026-08-27T17:43:13.387Z"}
{"level":"info","message":"User authenticated test1@gmail.com (admin)","service":"acquisitions-api","timestamp":"2026-08-27T17:43:27.712Z"}
{"level":"info","message":"User authenticated test1@gmail.com (admin)","service":"acquisitions-api","timestamp":"2026-08-27T17:43:38.709Z"}
{"level":"info","message":"User authenticated test1@gmail.com (admin)","service":"acquisitions-api","timestamp":"2026-08-27T17:43:38.714Z"}
{"level":"info","message":"User tbridywater2@wikimedia.org retrieved successfully","service":"acquisitions-api","timestamp":"2026-08-27T17:43:38.717Z"}
{"level":"info","message":"Profile tbridywater2@wikimedia.org retrieved successfully","service":"acquisitions-api","timestamp":"2026-08-27T17:43:38.727Z"}
{"level":"info","message":"User authenticated test1@gmail.com (admin)","service":"acquisitions-api","timestamp":"2026-08-27T17:43:47.537Z"}
{"level":"info","message":"User authenticated test1@gmail.com (admin)","service":"acquisitions-api","timestamp":"2026-08-27T17:43:47.609Z"}
{"level":"info","message":"User authenticated test1@gmail.com (admin)","service":"acquisitions-api","timestamp":"2026-08-27T17:43:47.613Z"}
{"level":"info","message":"User tbridywater2@wikimedia.org retrieved successfully","service":"acquisitions-api","timestamp":"2026-08-27T17:43:47.619Z"}
{"level":"info","message":"Profile tbridywater2@wikimedia.org retrieved successfully","service":"acquisitions-api","timestamp":"2026-08-27T17:43:47.623Z"}
{"level":"info","message":"User authenticated test1@gmail.com (admin)","service":"acquisitions-api","timestamp":"2026-08-27T17:44:06.909Z"}
{"level":"info","message":"User authenticated test1@gmail.com (admin)","service":"acquisitions-api","timestamp":"2026-08-27T17:44:10.203Z"}
{"level":"info","message":"User authenticated test1@gmail.com (admin)","service":"acquisitions-api","timestamp":"2026-08-27T17:44:10.209Z"}
{"level":"info","message":"User tbridywater2@wikimedia.org retrieved successfully","service":"acquisitions-api","timestamp":"2026-08-27T17:44:10.213Z"}
{"level":"info","message":"Profile tbridywater2@wikimedia.org retrieved successfully","service":"acquisitions-api","timestamp":"2026-08-27T17:44:10.221Z"}
{"level":"info","message":"User authenticated test1@gmail.com (admin)","service":"acquisitions-api","timestamp":"2026-08-27T17:44:20.753Z"}
{"level":"info","message":"User test1@gmail.com retrieved successfully","service":"acquisitions-api","timestamp":"2026-08-27T17:44:20.756Z"}
{"level":"info","message":"Profile test1@gmail.com retrieved successfully","service":"acquisitions-api","timestamp":"2026-08-27T17:44:20.759Z"}
{"level":"info","message":"User authenticated test1@gmail.com (admin)","service":"acquisitions-api","timestamp":"2026-08-27T17:47:59.297Z"}
{"level":"info","message":"User authenticated test1@gmail.com (admin)","service":"acquisitions-api","timestamp":"2026-08-27T17:47:59.301Z"}
{"level":"info","message":"User tbridywater2@wikimedia.org retrieved successfully","service":"acquisitions-api","timestamp":"2026-08-27T17:47:59.307Z"}
{"level":"info","message":"Profile tbridywater2@wikimedia.org retrieved successfully","service":"acquisitions-api","timestamp":"2026-08-27T17:47:59.314Z"}
{"level":"info","message":"User authenticated test1@gmail.com (admin)","service":"acquisitions-api","timestamp":"2026-08-27T17:48:09.235Z"}
{"level":"info","message":"User authenticated test1@gmail.com (admin)","service":"acquisitions-api","timestamp":"2026-08-27T17:48:09.317Z"}
{"level":"info","message":"User authenticated test1@gmail.com (admin)","service":"acquisitions-api","timestamp":"2026-08-27T17:48:09.321Z"}
{"level":"info","message":"User tbridywater2@wikimedia.org retrieved successfully","service":"acquisitions-api","timestamp":"2026-08-27T17:48:09.325Z"}
{"level":"info","message":"Profile tbridywater2@wikimedia.org retrieved successfully","service":"acquisitions-api","timestamp":"2026-08-27T17:48:09.333Z"}
{"level":"info","message":"User signed out successfully","service":"acquisitions-api","timestamp":"2026-08-27T17:48:13.237Z"}
{"level":"info","message":"Profile tbridywater2@wikimedia.org retrieved successfully","service":"acquisitions-api","timestamp":"2026-08-27T17:48:13.300Z"}
{"level":"info","message":"User signed in successfully: test1@gmail.com","service":"acquisitions-api","timestamp":"2026-08-27T17:48:15.690Z"}
{"level":"info","message":"User authenticated test1@gmail.com (admin)","service":"acquisitions-api","timestamp":"2026-08-27T17:48:15.698Z"}
{"level":"info","message":"User authenticated test1@gmail.com (admin)","service":"acquisitions-api","timestamp":"2026-08-27T17:48:19.083Z"}
{"level":"info","message":"User authenticated test1@gmail.com (admin)","service":"acquisitions-api","timestamp":"2026-08-27T17:48:19.086Z"}
{"level":"info","message":"User tbridywater2@wikimedia.org retrieved successfully","service":"acquisitions-api","timestamp":"2026-08-27T17:48:19.088Z"}
{"level":"info","message":"User authenticated test1@gmail.com (admin)","service":"acquisitions-api","timestamp":"2026-08-27T17:51:33.475Z"}
{"level":"info","message":"User authenticated test1@gmail.com (admin)","service":"acquisitions-api","timestamp":"2026-08-27T17:51:33.479Z"}
{"level":"info","message":"User atondeur3@posterous.com retrieved successfully","service":"acquisitions-api","timestamp":"2026-08-27T17:51:33.486Z"}
{"level":"info","message":"Profile atondeur3@posterous.com retrieved successfully","service":"acquisitions-api","timestamp":"2026-08-27T17:51:33.490Z"}
{"level":"info","message":"User authenticated test1@gmail.com (admin)","service":"acquisitions-api","timestamp":"2026-08-27T17:51:47.540Z"}
{"level":"info","message":"User authenticated test1@gmail.com (admin)","service":"acquisitions-api","timestamp":"2026-08-27T17:51:54.344Z"}
{"level":"info","message":"User test1@gmail.com retrieved successfully","service":"acquisitions-api","timestamp":"2026-08-27T17:51:54.348Z"}
{"level":"info","message":"Profile test1@gmail.com retrieved successfully","service":"acquisitions-api","timestamp":"2026-08-27T17:51:54.356Z"}
{"level":"info","message":"User authenticated test1@gmail.com (admin)","service":"acquisitions-api","timestamp":"2026-08-27T17:51:58.616Z"}
{"level":"info","message":"User authenticated test1@gmail.com (admin)","service":"acquisitions-api","timestamp":"2026-08-27T17:51:58.622Z"}
{"level":"info","message":"User tbridywater2@wikimedia.org retrieved successfully","service":"acquisitions-api","timestamp":"2026-08-27T17:51:58.627Z"}
{"level":"info","message":"Profile tbridywater2@wikimedia.org retrieved successfully","service":"acquisitions-api","timestamp":"2026-08-27T17:51:58.631Z"}
{"level":"info","message":"User authenticated test1@gmail.com (admin)","service":"acquisitions-api","timestamp":"2026-08-27T17:52:05.071Z"}
{"level":"info","message":"User atondeur3@posterous.com retrieved successfully","service":"acquisitions-api","timestamp":"2026-08-27T17:52:05.075Z"}
{"level":"info","message":"Profile atondeur3@posterous.com retrieved successfully","service":"acquisitions-api","timestamp":"2026-08-27T17:52:05.079Z"}
{"level":"info","message":"Profile test1@gmail.com retrieved successfully","service":"acquisitions-api","timestamp":"2026-08-27T17:53:26.580Z"}
{"level":"info","message":"User authenticated test1@gmail.com (admin)","service":"acquisitions-api","timestamp":"2026-08-27T17:54:55.987Z"}
{"level":"info","message":"User signed in successfully: test1@gmail.com","service":"acquisitions-api","timestamp":"2026-08-27T18:03:01.387Z"}
{"level":"info","message":"User authenticated test1@gmail.com (admin)","service":"acquisitions-api","timestamp":"2026-08-27T18:03:01.394Z"}
{"level":"info","message":"User authenticated test1@gmail.com (admin)","service":"acquisitions-api","timestamp":"2026-08-27T18:03:13.359Z"}
{"level":"info","message":"User test1@gmail.com retrieved successfully","service":"acquisitions-api","timestamp":"2026-08-27T18:03:13.361Z"}
{"level":"info","message":"Profile test1@gmail.com retrieved successfully","service":"acquisitions-api","timestamp":"2026-08-27T18:03:13.462Z"}
{"level":"info","message":"User authenticated test1@gmail.com (admin)","service":"acquisitions-api","timestamp":"2026-08-27T18:08:32.727Z"}
{"level":"info","message":"User atondeur3@posterous.com retrieved successfully","service":"acquisitions-api","timestamp":"2026-08-27T18:08:32.762Z"}
{"level":"info","message":"Profile atondeur3@posterous.com retrieved successfully","service":"acquisitions-api","timestamp":"2026-08-27T18:08:32.809Z"}
{"level":"info","message":"User authenticated test1@gmail.com (admin)","service":"acquisitions-api","timestamp":"2026-08-27T18:08:32.817Z"}
{"level":"info","message":"User authenticated test1@gmail.com (admin)","service":"acquisitions-api","timestamp":"2026-08-27T18:08:46.414Z"}
{"level":"info","message":"User authenticated test1@gmail.com (admin)","service":"acquisitions-api","timestamp":"2026-08-27T18:08:46.472Z"}
{"level":"info","message":"User authenticated test1@gmail.com (admin)","service":"acquisitions-api","timestamp":"2026-08-27T18:08:46.475Z"}
{"level":"info","message":"User atondeur3@posterous.com retrieved successfully","service":"acquisitions-api","timestamp":"2026-08-27T18:08:46.479Z"}
{"level":"info","message":"Profile atondeur3@posterous.com retrieved successfully","service":"acquisitions-api","timestamp":"2026-08-27T18:08:46.484Z"}
{"level":"info","message":"User authenticated test1@gmail.com (admin)","service":"acquisitions-api","timestamp":"2026-08-27T18:08:56.694Z"}
{"level":"info","message":"User authenticated test1@gmail.com (admin)","service":"acquisitions-api","timestamp":"2026-08-27T18:08:56.753Z"}
{"level":"info","message":"User authenticated test1@gmail.com (admin)","service":"acquisitions-api","timestamp":"2026-08-27T18:08:56.798Z"}
{"level":"info","message":"User atondeur3@posterous.com retrieved successfully","service":"acquisitions-api","timestamp":"2026-08-27T18:08:56.800Z"}
{"level":"info","message":"Profile atondeur3@posterous.com retrieved successfully","service":"acquisitions-api","timestamp":"2026-08-27T18:08:56.809Z"}
{"level":"info","message":"User authenticated test1@gmail.com (admin)","service":"acquisitions-api","timestamp":"2026-08-27T18:09:32.034Z"}
{"level":"info","message":"User authenticated test1@gmail.com (admin)","service":"acquisitions-api","timestamp":"2026-08-27T18:09:32.071Z"}
{"level":"info","message":"User signed in successfully: test1@gmail.com","service":"acquisitions-api","timestamp":"2026-08-27T18:12:18.970Z"}
{"level":"info","message":"User authenticated test1@gmail.com (admin)","service":"acquisitions-api","timestamp":"2026-08-27T18:12:18.977Z"}
{"level":"info","message":"User authenticated test1@gmail.com (admin)","service":"acquisitions-api","timestamp":"2026-08-27T18:12:22.292Z"}
{"level":"info","message":"User authenticated test1@gmail.com (admin)","service":"acquisitions-api","timestamp":"2026-08-27T18:14:53.778Z"}
{"level":"info","message":"User atondeur3@posterous.com retrieved successfully","service":"acquisitions-api","timestamp":"2026-08-27T18:14:53.780Z"}
{"level":"info","message":"Profile atondeur3@posterous.com retrieved successfully","service":"acquisitions-api","timestamp":"2026-08-27T18:14:53.865Z"}
{"level":"info","message":"User signed in successfully: test1@gmail.com","service":"acquisitions-api","timestamp":"2026-08-27T18:50:12.152Z"}
{"level":"info","message":"User authenticated test1@gmail.com (admin)","service":"acquisitions-api","timestamp":"2026-08-27T18:50:12.164Z"}
{"level":"info","message":"User authenticated test1@gmail.com (admin)","service":"acquisitions-api","timestamp":"2026-08-27T18:50:16.154Z"}
{"level":"info","message":"Profile test1@gmail.com retrieved successfully","service":"acquisitions-api","timestamp":"2026-08-27T18:51:57.923Z"}
